// Jest Snapshot v1, https://goo.gl/fbAQLP

exports[`Project should render correctly 1`] = `
<div
  className="Project--container"
>
  <div
    className="Project--content"
  >
    <h3
      className="Heading--heading Heading--h3 Heading--color-white"
    >
      DECODERANT
    </h3>
    <ul
      className="ProjectTags--list"
    >
      <li
        className="ProjectTags--listItem"
      >
        React
      </li>
      <li
        className="ProjectTags--listItem"
      >
        NodeJS
      </li>
    </ul>
    <div
      className="Project--description"
    >
      <p
        className="Paragraph--paragraph"
      >
        This is my website.
      </p>
    </div>
  </div>
</div>
`;
